// Jest Snapshot v1, https://goo.gl/fbAQLP

exports[`StarCraft2API queryGrandmasterLeaderboard should match snapshot 1`] = `
Object {
  "data": "sample_starcraft2api_data",
}
`;

exports[`StarCraft2API queryLadderSummary should match snapshot 1`] = `
Object {
  "data": "sample_starcraft2api_data",
}
`;

exports[`StarCraft2API queryLegacyAchievements should match snapshot 1`] = `
Object {
  "data": "sample_starcraft2api_data",
}
`;

exports[`StarCraft2API queryLegacyLadder should match snapshot 1`] = `
Object {
  "data": "sample_starcraft2api_data",
}
`;

exports[`StarCraft2API queryLegacyLadders should match snapshot 1`] = `
Object {
  "data": "sample_starcraft2api_data",
}
`;

exports[`StarCraft2API queryLegacyMatchHistory should match snapshot 1`] = `
Object {
  "data": "sample_starcraft2api_data",
}
`;

exports[`StarCraft2API queryLegacyProfile should match snapshot 1`] = `
Object {
  "data": "sample_starcraft2api_data",
}
`;

exports[`StarCraft2API queryLegacyRewards should match snapshot 1`] = `
Object {
  "data": "sample_starcraft2api_data",
}
`;

exports[`StarCraft2API queryPlayerAccount should match snapshot 1`] = `
Object {
  "data": "sample_starcraft2api_data",
}
`;

exports[`StarCraft2API queryPlayerLadder should match snapshot 1`] = `
Object {
  "data": "sample_starcraft2api_data",
}
`;

exports[`StarCraft2API queryProfile should match snapshot 1`] = `
Object {
  "data": "sample_starcraft2api_data",
}
`;

exports[`StarCraft2API queryProfileMetadata should match snapshot 1`] = `
Object {
  "data": "sample_starcraft2api_data",
}
`;

exports[`StarCraft2API querySeason should match snapshot 1`] = `
Object {
  "data": "sample_starcraft2api_data",
}
`;

exports[`StarCraft2API queryStaticProfileData should match snapshot 1`] = `
Object {
  "data": "sample_starcraft2api_data",
}
`;
